Copyright 1986-2018 Xilinx, Inc. All Rights Reserved.
-----------------------------------------------------------------------------------------
| Tool Version : Vivado v.2018.2 (win64) Build 2258646 Thu Jun 14 20:03:12 MDT 2018
| Date         : Sun Dec  9 01:12:02 2018
| Host         : RHITVIK running 64-bit major release  (build 9200)
| Command      : report_control_sets -verbose -file SevenSeg_Top_control_sets_placed.rpt
| Design       : SevenSeg_Top
| Device       : xc7a35t
-----------------------------------------------------------------------------------------

Control Set Information

Table of Contents
-----------------
1. Summary
2. Histogram
3. Flip-Flop Distribution
4. Detailed Control Set Information

1. Summary
----------

+----------------------------------------------------------+-------+
|                          Status                          | Count |
+----------------------------------------------------------+-------+
| Number of unique control sets                            |   168 |
| Unused register locations in slices containing registers |     6 |
+----------------------------------------------------------+-------+


2. Histogram
------------

+--------+--------------+
| Fanout | Control Sets |
+--------+--------------+
|      4 |            1 |
|      8 |            1 |
|    16+ |          166 |
+--------+--------------+


3. Flip-Flop Distribution
-------------------------

+--------------+-----------------------+------------------------+-----------------+--------------+
| Clock Enable | Synchronous Set/Reset | Asynchronous Set/Reset | Total Registers | Total Slices |
+--------------+-----------------------+------------------------+-----------------+--------------+
| No           | No                    | No                     |               4 |            2 |
| No           | No                    | Yes                    |               0 |            0 |
| No           | Yes                   | No                     |              48 |            6 |
| Yes          | No                    | No                     |            2064 |          746 |
| Yes          | No                    | Yes                    |            2110 |          746 |
| Yes          | Yes                   | No                     |              64 |           15 |
+--------------+-----------------------+------------------------+-----------------+--------------+


4. Detailed Control Set Information
-----------------------------------

+------------------------------+--------------------------------------------------+-----------------------------------------------+------------------+----------------+
|         Clock Signal         |                   Enable Signal                  |                Set/Reset Signal               | Slice Load Count | Bel Load Count |
+------------------------------+--------------------------------------------------+-----------------------------------------------+------------------+----------------+
|  CLK_IBUF_BUFG               |                                                  |                                               |                2 |              4 |
|  slowCLK                     |                                                  | Val[3]_i_1_n_0                                |                1 |              8 |
|  RHITVIKs_clock_reg_n_0_BUFG | Program_Counter_map/Data_Memory_reg[101][7]_0[0] |                                               |                4 |             16 |
|  RHITVIKs_clock_reg_n_0_BUFG | Program_Counter_map/Data_Memory_reg[102][7][0]   |                                               |                4 |             16 |
|  RHITVIKs_clock_reg_n_0_BUFG | Program_Counter_map/Data_Memory_reg[100][7][0]   |                                               |                6 |             16 |
|  RHITVIKs_clock_reg_n_0_BUFG | Program_Counter_map/Data_Memory_reg[103][7][0]   |                                               |                5 |             16 |
|  RHITVIKs_clock_reg_n_0_BUFG | Program_Counter_map/Data_Memory_reg[106][7][0]   |                                               |                5 |             16 |
|  RHITVIKs_clock_reg_n_0_BUFG | Program_Counter_map/Data_Memory_reg[116][7][0]   |                                               |                7 |             16 |
|  RHITVIKs_clock_reg_n_0_BUFG | Program_Counter_map/Data_Memory_reg[114][7][0]   |                                               |                7 |             16 |
|  RHITVIKs_clock_reg_n_0_BUFG | Program_Counter_map/Data_Memory_reg[115][7][0]   |                                               |                8 |             16 |
|  RHITVIKs_clock_reg_n_0_BUFG | Program_Counter_map/Data_Memory_reg[108][7][0]   |                                               |                6 |             16 |
|  RHITVIKs_clock_reg_n_0_BUFG | Program_Counter_map/Data_Memory_reg[112][7][0]   |                                               |                6 |             16 |
|  RHITVIKs_clock_reg_n_0_BUFG | Program_Counter_map/Data_Memory_reg[110][7][0]   |                                               |                5 |             16 |
|  RHITVIKs_clock_reg_n_0_BUFG | Program_Counter_map/Data_Memory_reg[113][7]_0[0] |                                               |                5 |             16 |
|  RHITVIKs_clock_reg_n_0_BUFG | Program_Counter_map/Data_Memory_reg[109][7]_0[0] |                                               |                7 |             16 |
|  RHITVIKs_clock_reg_n_0_BUFG | Program_Counter_map/Data_Memory_reg[10][7]_0[0]  |                                               |                5 |             16 |
|  RHITVIKs_clock_reg_n_0_BUFG | Program_Counter_map/Data_Memory_reg[111][7][0]   |                                               |                7 |             16 |
|  RHITVIKs_clock_reg_n_0_BUFG | Program_Counter_map/Data_Memory_reg[107][7][0]   |                                               |                5 |             16 |
|  RHITVIKs_clock_reg_n_0_BUFG | Program_Counter_map/Data_Memory_reg[123][7][0]   |                                               |                6 |             16 |
|  RHITVIKs_clock_reg_n_0_BUFG | Program_Counter_map/Data_Memory_reg[125][7][0]   |                                               |                7 |             16 |
|  RHITVIKs_clock_reg_n_0_BUFG | Program_Counter_map/Data_Memory_reg[119][7][0]   |                                               |                5 |             16 |
|  RHITVIKs_clock_reg_n_0_BUFG | Program_Counter_map/Data_Memory_reg[122][7][0]   |                                               |                5 |             16 |
|  RHITVIKs_clock_reg_n_0_BUFG | Program_Counter_map/Data_Memory_reg[118][7][0]   |                                               |                8 |             16 |
|  RHITVIKs_clock_reg_n_0_BUFG | Program_Counter_map/Data_Memory_reg[120][7][0]   |                                               |                6 |             16 |
|  RHITVIKs_clock_reg_n_0_BUFG | Program_Counter_map/Data_Memory_reg[121][7]_0[0] |                                               |                5 |             16 |
|  RHITVIKs_clock_reg_n_0_BUFG | Program_Counter_map/Data_Memory_reg[126][7]_0[0] |                                               |                6 |             16 |
|  RHITVIKs_clock_reg_n_0_BUFG | Program_Counter_map/Data_Memory_reg[127][7]_0[0] |                                               |                5 |             16 |
|  RHITVIKs_clock_reg_n_0_BUFG | Program_Counter_map/Data_Memory_reg[124][7]_0[0] |                                               |                7 |             16 |
|  RHITVIKs_clock_reg_n_0_BUFG | Program_Counter_map/Data_Memory_reg[117][7]_0[0] |                                               |                8 |             16 |
|  RHITVIKs_clock_reg_n_0_BUFG | Program_Counter_map/Data_Memory_reg[11][7][0]    |                                               |                6 |             16 |
|  RHITVIKs_clock_reg_n_0_BUFG | Program_Counter_map/Data_Memory_reg[19][7][0]    |                                               |                5 |             16 |
|  RHITVIKs_clock_reg_n_0_BUFG | Program_Counter_map/Data_Memory_reg[129][7][0]   |                                               |                4 |             16 |
|  RHITVIKs_clock_reg_n_0_BUFG | Program_Counter_map/Data_Memory_reg[1][7][0]     |                                               |                3 |             16 |
|  RHITVIKs_clock_reg_n_0_BUFG | Program_Counter_map/Data_Memory_reg[128][7]_0[0] |                                               |                7 |             16 |
|  RHITVIKs_clock_reg_n_0_BUFG | Program_Counter_map/Data_Memory_reg[12][7][0]    |                                               |                5 |             16 |
|  RHITVIKs_clock_reg_n_0_BUFG | Program_Counter_map/Data_Memory_reg[20][7][0]    |                                               |                5 |             16 |
|  RHITVIKs_clock_reg_n_0_BUFG | Program_Counter_map/Data_Memory_reg[21][7][0]    |                                               |                3 |             16 |
|  RHITVIKs_clock_reg_n_0_BUFG | Program_Counter_map/Data_Memory_reg[13][7][0]    |                                               |                5 |             16 |
|  RHITVIKs_clock_reg_n_0_BUFG | Program_Counter_map/Data_Memory_reg[18][7]_0[0]  |                                               |                5 |             16 |
|  RHITVIKs_clock_reg_n_0_BUFG | Program_Counter_map/Data_Memory_reg[14][7][0]    |                                               |                5 |             16 |
|  RHITVIKs_clock_reg_n_0_BUFG | Program_Counter_map/Data_Memory_reg[16][7][0]    |                                               |                5 |             16 |
|  RHITVIKs_clock_reg_n_0_BUFG | Program_Counter_map/Data_Memory_reg[17][7]_0[0]  |                                               |                5 |             16 |
|  RHITVIKs_clock_reg_n_0_BUFG | Program_Counter_map/Data_Memory_reg[15][7][0]    |                                               |                8 |             16 |
|  RHITVIKs_clock_reg_n_0_BUFG | Program_Counter_map/Data_Memory_reg[32][7]_0[0]  |                                               |                6 |             16 |
|  RHITVIKs_clock_reg_n_0_BUFG | Program_Counter_map/Data_Memory_reg[33][7][0]    |                                               |                3 |             16 |
|  RHITVIKs_clock_reg_n_0_BUFG | Program_Counter_map/Data_Memory_reg[26][7]_0[0]  |                                               |                4 |             16 |
|  RHITVIKs_clock_reg_n_0_BUFG | Program_Counter_map/Data_Memory_reg[34][7][0]    |                                               |                2 |             16 |
|  RHITVIKs_clock_reg_n_0_BUFG | Program_Counter_map/Data_Memory_reg[29][7][0]    |                                               |                6 |             16 |
|  RHITVIKs_clock_reg_n_0_BUFG | Program_Counter_map/Data_Memory_reg[27][7][0]    |                                               |                4 |             16 |
|  RHITVIKs_clock_reg_n_0_BUFG | Program_Counter_map/Data_Memory_reg[35][7][0]    |                                               |                5 |             16 |
|  RHITVIKs_clock_reg_n_0_BUFG | Program_Counter_map/Data_Memory_reg[36][7][0]    |                                               |                6 |             16 |
|  RHITVIKs_clock_reg_n_0_BUFG | Program_Counter_map/Data_Memory_reg[24][7]_0[0]  |                                               |                7 |             16 |
|  RHITVIKs_clock_reg_n_0_BUFG | Program_Counter_map/Data_Memory_reg[22][7][0]    |                                               |                7 |             16 |
|  RHITVIKs_clock_reg_n_0_BUFG | Program_Counter_map/Data_Memory_reg[30][7]_1[0]  |                                               |                6 |             16 |
|  RHITVIKs_clock_reg_n_0_BUFG | Program_Counter_map/Data_Memory_reg[23][7][0]    |                                               |                6 |             16 |
|  RHITVIKs_clock_reg_n_0_BUFG | Program_Counter_map/Data_Memory_reg[28][7][0]    |                                               |                5 |             16 |
|  RHITVIKs_clock_reg_n_0_BUFG | Program_Counter_map/Data_Memory_reg[31][7][0]    |                                               |                6 |             16 |
|  RHITVIKs_clock_reg_n_0_BUFG | Program_Counter_map/Data_Memory_reg[2][7]_0[0]   |                                               |                4 |             16 |
|  RHITVIKs_clock_reg_n_0_BUFG | Program_Counter_map/Data_Memory_reg[25][7][0]    |                                               |                3 |             16 |
|  RHITVIKs_clock_reg_n_0_BUFG | Program_Counter_map/Data_Memory_reg[38][7]_0[0]  |                                               |                5 |             16 |
|  RHITVIKs_clock_reg_n_0_BUFG | Program_Counter_map/Data_Memory_reg[42][7][0]    |                                               |                3 |             16 |
|  RHITVIKs_clock_reg_n_0_BUFG | Program_Counter_map/Data_Memory_reg[41][7]_0[0]  |                                               |                5 |             16 |
|  RHITVIKs_clock_reg_n_0_BUFG | Program_Counter_map/Data_Memory_reg[47][7][0]    |                                               |                6 |             16 |
|  RHITVIKs_clock_reg_n_0_BUFG | Program_Counter_map/Data_Memory_reg[37][7]_0[0]  |                                               |                8 |             16 |
|  RHITVIKs_clock_reg_n_0_BUFG | Program_Counter_map/Data_Memory_reg[40][7][0]    |                                               |                7 |             16 |
|  RHITVIKs_clock_reg_n_0_BUFG | Program_Counter_map/Data_Memory_reg[46][7][0]    |                                               |                6 |             16 |
|  RHITVIKs_clock_reg_n_0_BUFG | Program_Counter_map/Data_Memory_reg[48][7][0]    |                                               |                4 |             16 |
|  RHITVIKs_clock_reg_n_0_BUFG | Program_Counter_map/Data_Memory_reg[44][7][0]    |                                               |                6 |             16 |
|  RHITVIKs_clock_reg_n_0_BUFG | Program_Counter_map/Data_Memory_reg[45][7]_0[0]  |                                               |                5 |             16 |
|  RHITVIKs_clock_reg_n_0_BUFG | Program_Counter_map/Data_Memory_reg[39][7][0]    |                                               |                6 |             16 |
|  RHITVIKs_clock_reg_n_0_BUFG | Program_Counter_map/Data_Memory_reg[3][7]_1[0]   |                                               |                6 |             16 |
|  RHITVIKs_clock_reg_n_0_BUFG | Program_Counter_map/Data_Memory_reg[43][7][0]    |                                               |                6 |             16 |
|  RHITVIKs_clock_reg_n_0_BUFG | Program_Counter_map/Data_Memory_reg[5][7][0]     |                                               |                7 |             16 |
|  RHITVIKs_clock_reg_n_0_BUFG | Program_Counter_map/Data_Memory_reg[59][7][0]    |                                               |                6 |             16 |
|  RHITVIKs_clock_reg_n_0_BUFG | Program_Counter_map/Data_Memory_reg[53][7]_0[0]  |                                               |                6 |             16 |
|  RHITVIKs_clock_reg_n_0_BUFG | Program_Counter_map/Data_Memory_reg[54][7][0]    |                                               |                6 |             16 |
|  RHITVIKs_clock_reg_n_0_BUFG | Program_Counter_map/Data_Memory_reg[58][7]_0[0]  |                                               |                4 |             16 |
|  RHITVIKs_clock_reg_n_0_BUFG | Program_Counter_map/Data_Memory_reg[51][7][0]    |                                               |                6 |             16 |
|  RHITVIKs_clock_reg_n_0_BUFG | Program_Counter_map/Data_Memory_reg[52][7][0]    |                                               |                7 |             16 |
|  RHITVIKs_clock_reg_n_0_BUFG | Program_Counter_map/Data_Memory_reg[50][7][0]    |                                               |                5 |             16 |
|  RHITVIKs_clock_reg_n_0_BUFG | Program_Counter_map/Data_Memory_reg[55][7][0]    |                                               |                6 |             16 |
|  RHITVIKs_clock_reg_n_0_BUFG | Program_Counter_map/Data_Memory_reg[57][7]_0[0]  |                                               |                4 |             16 |
|  RHITVIKs_clock_reg_n_0_BUFG | Program_Counter_map/Data_Memory_reg[56][7][0]    |                                               |                6 |             16 |
|  RHITVIKs_clock_reg_n_0_BUFG | Program_Counter_map/Data_Memory_reg[4][7][0]     |                                               |                5 |             16 |
|  RHITVIKs_clock_reg_n_0_BUFG | Program_Counter_map/Data_Memory_reg[49][7]_0[0]  |                                               |                7 |             16 |
|  RHITVIKs_clock_reg_n_0_BUFG | Program_Counter_map/Data_Memory_reg[67][7][0]    |                                               |                6 |             16 |
|  RHITVIKs_clock_reg_n_0_BUFG | Program_Counter_map/Data_Memory_reg[6][7][0]     |                                               |                7 |             16 |
|  RHITVIKs_clock_reg_n_0_BUFG | Program_Counter_map/Data_Memory_reg[70][7]_0[0]  |                                               |                8 |             16 |
|  RHITVIKs_clock_reg_n_0_BUFG | Program_Counter_map/Data_Memory_reg[61][7][0]    |                                               |                5 |             16 |
|  RHITVIKs_clock_reg_n_0_BUFG | Program_Counter_map/Data_Memory_reg[69][7][0]    |                                               |                8 |             16 |
|  RHITVIKs_clock_reg_n_0_BUFG | Program_Counter_map/Data_Memory_reg[63][7][0]    |                                               |                5 |             16 |
|  RHITVIKs_clock_reg_n_0_BUFG | Program_Counter_map/Data_Memory_reg[65][7][0]    |                                               |                4 |             16 |
|  RHITVIKs_clock_reg_n_0_BUFG | Program_Counter_map/Data_Memory_reg[62][7]_0[0]  |                                               |                8 |             16 |
|  RHITVIKs_clock_reg_n_0_BUFG | Program_Counter_map/Data_Memory_reg[64][7][0]    |                                               |                7 |             16 |
|  RHITVIKs_clock_reg_n_0_BUFG | Program_Counter_map/Data_Memory_reg[71][7][0]    |                                               |                7 |             16 |
|  RHITVIKs_clock_reg_n_0_BUFG | Program_Counter_map/Data_Memory_reg[72][7][0]    |                                               |                7 |             16 |
|  RHITVIKs_clock_reg_n_0_BUFG | Program_Counter_map/Data_Memory_reg[73][7][0]    |                                               |                6 |             16 |
|  RHITVIKs_clock_reg_n_0_BUFG | Program_Counter_map/Data_Memory_reg[68][7][0]    |                                               |                7 |             16 |
|  RHITVIKs_clock_reg_n_0_BUFG | Program_Counter_map/Data_Memory_reg[66][7]_0[0]  |                                               |                4 |             16 |
|  RHITVIKs_clock_reg_n_0_BUFG | Program_Counter_map/Data_Memory_reg[60][7][0]    |                                               |                7 |             16 |
|  RHITVIKs_clock_reg_n_0_BUFG | Program_Counter_map/Data_Memory_reg[79][7][0]    |                                               |                6 |             16 |
|  RHITVIKs_clock_reg_n_0_BUFG | Program_Counter_map/Data_Memory_reg[80][7][0]    |                                               |                5 |             16 |
|  RHITVIKs_clock_reg_n_0_BUFG | Program_Counter_map/Data_Memory_reg[76][7][0]    |                                               |                8 |             16 |
|  RHITVIKs_clock_reg_n_0_BUFG | Program_Counter_map/Data_Memory_reg[77][7]_0[0]  |                                               |                5 |             16 |
|  RHITVIKs_clock_reg_n_0_BUFG | Program_Counter_map/Data_Memory_reg[81][7]_0[0]  |                                               |                8 |             16 |
|  RHITVIKs_clock_reg_n_0_BUFG | Program_Counter_map/Data_Memory_reg[74][7]_0[0]  |                                               |                5 |             16 |
|  RHITVIKs_clock_reg_n_0_BUFG | Program_Counter_map/Data_Memory_reg[75][7][0]    |                                               |                7 |             16 |
|  RHITVIKs_clock_reg_n_0_BUFG | Program_Counter_map/Data_Memory_reg[78][7][0]    |                                               |                5 |             16 |
|  RHITVIKs_clock_reg_n_0_BUFG | Program_Counter_map/Data_Memory_reg[7][7][0]     |                                               |                6 |             16 |
|  RHITVIKs_clock_reg_n_0_BUFG | Program_Counter_map/Data_Memory_reg[82][7][0]    |                                               |                6 |             16 |
|  RHITVIKs_clock_reg_n_0_BUFG | Program_Counter_map/Data_Memory_reg[91][7][0]    |                                               |                7 |             16 |
|  RHITVIKs_clock_reg_n_0_BUFG | Program_Counter_map/Data_Memory_reg[85][7]_0[0]  |                                               |                5 |             16 |
|  RHITVIKs_clock_reg_n_0_BUFG | Program_Counter_map/Data_Memory_reg[8][7]_0[0]   |                                               |                7 |             16 |
|  RHITVIKs_clock_reg_n_0_BUFG | Program_Counter_map/Data_Memory_reg[90][7]_0[0]  |                                               |                6 |             16 |
|  RHITVIKs_clock_reg_n_0_BUFG | Program_Counter_map/Data_Memory_reg[83][7][0]    |                                               |                6 |             16 |
|  RHITVIKs_clock_reg_n_0_BUFG | Program_Counter_map/Data_Memory_reg[87][7][0]    |                                               |                6 |             16 |
|  RHITVIKs_clock_reg_n_0_BUFG | Program_Counter_map/Data_Memory_reg[93][7][0]    |                                               |                6 |             16 |
|  RHITVIKs_clock_reg_n_0_BUFG | Program_Counter_map/Data_Memory_reg[86][7][0]    |                                               |                6 |             16 |
|  RHITVIKs_clock_reg_n_0_BUFG | Program_Counter_map/Data_Memory_reg[89][7]_0[0]  |                                               |                5 |             16 |
|  RHITVIKs_clock_reg_n_0_BUFG | Program_Counter_map/Data_Memory_reg[88][7]_0[0]  |                                               |                7 |             16 |
|  RHITVIKs_clock_reg_n_0_BUFG | Program_Counter_map/Data_Memory_reg[92][7][0]    |                                               |                7 |             16 |
|  RHITVIKs_clock_reg_n_0_BUFG | Program_Counter_map/Data_Memory_reg[84][7][0]    |                                               |                7 |             16 |
|  RHITVIKs_clock_reg_n_0_BUFG | Program_Counter_map/Data_Memory_reg[98][7]_0[0]  |                                               |                5 |             16 |
|  RHITVIKs_clock_reg_n_0_BUFG | Program_Counter_map/Data_Memory_reg[97][7][0]    |                                               |                6 |             16 |
|  RHITVIKs_clock_reg_n_0_BUFG | Program_Counter_map/Data_Memory_reg[95][7][0]    |                                               |                6 |             16 |
|  RHITVIKs_clock_reg_n_0_BUFG | Program_Counter_map/Data_Memory_reg[9][7][0]     |                                               |                4 |             16 |
|  RHITVIKs_clock_reg_n_0_BUFG | Program_Counter_map/Data_Memory_reg[96][7][0]    |                                               |                8 |             16 |
|  RHITVIKs_clock_reg_n_0_BUFG | Program_Counter_map/Data_Memory_reg[99][7][0]    |                                               |                6 |             16 |
|  RHITVIKs_clock_reg_n_0_BUFG | Program_Counter_map/Data_Memory_reg[94][7]_0[0]  |                                               |                8 |             16 |
|  RHITVIKs_clock_reg_n_0_BUFG | Program_Counter_map/Data_Memory[0]_0             | Program_Counter_map/Data_Memory_reg[0][7]_1   |                4 |             16 |
|  RHITVIKs_clock_reg_n_0_BUFG | Program_Counter_map/Data_Memory[130]_1           | Program_Counter_map/Data_Memory_reg[130][7]_0 |                7 |             16 |
|  RHITVIKs_clock_reg_n_0_BUFG | Program_Counter_map/Data_Memory_reg[104][7][0]   |                                               |                7 |             16 |
|  RHITVIKs_clock_reg_n_0_BUFG | Program_Counter_map/Data_Memory_reg[105][7]_0[0] |                                               |                5 |             16 |
|  CLK_IBUF_BUFG               | i_cnt[0]_i_1_n_0                                 | RHITVIKs_clock                                |                4 |             32 |
|  CLK_IBUF_BUFG               |                                                  | i_cnt[0]_i_1_n_0                              |                5 |             40 |
|  RHITVIKs_clock_reg_n_0_BUFG | Program_Counter_map/PC[31]_i_1_n_0               | RST_IBUF                                      |               14 |             62 |
|  RHITVIKs_clock_reg_n_0_BUFG | Program_Counter_map/RF_reg[22][31][0]            | RST_IBUF                                      |               20 |             64 |
|  RHITVIKs_clock_reg_n_0_BUFG | Program_Counter_map/RF_reg[7][31][0]             | RST_IBUF                                      |               27 |             64 |
|  RHITVIKs_clock_reg_n_0_BUFG | Program_Counter_map/RF_reg[9][31][0]             | RST_IBUF                                      |               26 |             64 |
|  RHITVIKs_clock_reg_n_0_BUFG | Program_Counter_map/RF_reg[11][31][0]            | RST_IBUF                                      |               24 |             64 |
|  RHITVIKs_clock_reg_n_0_BUFG | Program_Counter_map/RF_reg[12][31][0]            | RST_IBUF                                      |               21 |             64 |
|  RHITVIKs_clock_reg_n_0_BUFG | Program_Counter_map/RF_reg[21][31][0]            | RST_IBUF                                      |               20 |             64 |
|  RHITVIKs_clock_reg_n_0_BUFG | Program_Counter_map/RF_reg[25][31][0]            | RST_IBUF                                      |               24 |             64 |
|  RHITVIKs_clock_reg_n_0_BUFG | Program_Counter_map/RF_reg[28][31][0]            | RST_IBUF                                      |               24 |             64 |
|  RHITVIKs_clock_reg_n_0_BUFG | Program_Counter_map/RF_reg[8][31][0]             | RST_IBUF                                      |               24 |             64 |
|  RHITVIKs_clock_reg_n_0_BUFG | Program_Counter_map/RF_reg[15][31][0]            | RST_IBUF                                      |               23 |             64 |
|  RHITVIKs_clock_reg_n_0_BUFG | Program_Counter_map/RF_reg[23][31][0]            | RST_IBUF                                      |               23 |             64 |
|  RHITVIKs_clock_reg_n_0_BUFG | Program_Counter_map/RF_reg[29][31][0]            | RST_IBUF                                      |               25 |             64 |
|  RHITVIKs_clock_reg_n_0_BUFG | Program_Counter_map/RF_reg[31][31][0]            | RST_IBUF                                      |               28 |             64 |
|  RHITVIKs_clock_reg_n_0_BUFG | Program_Counter_map/RF_reg[1][31][0]             | RST_IBUF                                      |               25 |             64 |
|  RHITVIKs_clock_reg_n_0_BUFG | Program_Counter_map/RF_reg[20][31][0]            | RST_IBUF                                      |               24 |             64 |
|  RHITVIKs_clock_reg_n_0_BUFG | Program_Counter_map/RF_reg[16][31][0]            | RST_IBUF                                      |               22 |             64 |
|  RHITVIKs_clock_reg_n_0_BUFG | Program_Counter_map/RF_reg[30][31][0]            | RST_IBUF                                      |               24 |             64 |
|  RHITVIKs_clock_reg_n_0_BUFG | Program_Counter_map/RF_reg[5][31][0]             | RST_IBUF                                      |               21 |             64 |
|  RHITVIKs_clock_reg_n_0_BUFG | Program_Counter_map/RF_reg[26][31][0]            | RST_IBUF                                      |               24 |             64 |
|  RHITVIKs_clock_reg_n_0_BUFG | Program_Counter_map/RF_reg[18][31][0]            | RST_IBUF                                      |               20 |             64 |
|  RHITVIKs_clock_reg_n_0_BUFG | Program_Counter_map/RF_reg[27][31][0]            | RST_IBUF                                      |               24 |             64 |
|  RHITVIKs_clock_reg_n_0_BUFG | Program_Counter_map/RF_reg[10][31][0]            | RST_IBUF                                      |               21 |             64 |
|  RHITVIKs_clock_reg_n_0_BUFG | Program_Counter_map/RF_reg[24][31][0]            | RST_IBUF                                      |               22 |             64 |
|  RHITVIKs_clock_reg_n_0_BUFG | Program_Counter_map/RF_reg[13][31][0]            | RST_IBUF                                      |               17 |             64 |
|  RHITVIKs_clock_reg_n_0_BUFG | Program_Counter_map/RF_reg[17][31][0]            | RST_IBUF                                      |               22 |             64 |
|  RHITVIKs_clock_reg_n_0_BUFG | Program_Counter_map/E[0]                         | RST_IBUF                                      |               19 |             64 |
|  RHITVIKs_clock_reg_n_0_BUFG | Program_Counter_map/RF_reg[3][31][0]             | RST_IBUF                                      |               29 |             64 |
|  RHITVIKs_clock_reg_n_0_BUFG | Program_Counter_map/RF_reg[6][31][0]             | RST_IBUF                                      |               27 |             64 |
|  RHITVIKs_clock_reg_n_0_BUFG | Program_Counter_map/RF_reg[2][31][0]             | RST_IBUF                                      |               21 |             64 |
|  RHITVIKs_clock_reg_n_0_BUFG | Program_Counter_map/RF_reg[4][31][0]             | RST_IBUF                                      |               22 |             64 |
|  RHITVIKs_clock_reg_n_0_BUFG | Program_Counter_map/RF_reg[14][31][0]            | RST_IBUF                                      |               24 |             64 |
|  RHITVIKs_clock_reg_n_0_BUFG | Program_Counter_map/RF_reg[19][31][0]            | RST_IBUF                                      |               15 |             64 |
+------------------------------+--------------------------------------------------+-----------------------------------------------+------------------+----------------+


